Archive member included to satisfy reference by file (symbol)

/Users/bscholar/gcc-arm-none-eabi/bin/../lib/gcc/arm-none-eabi/9.2.1/../../../../arm-none-eabi/lib/thumb/v7-m/nofp/libg_nano.a(lib_a-errno.o)
                              CMakeFiles/CANCoder.elf.dir/Core/Src/syscalls.c.obj (__errno)
/Users/bscholar/gcc-arm-none-eabi/bin/../lib/gcc/arm-none-eabi/9.2.1/../../../../arm-none-eabi/lib/thumb/v7-m/nofp/libg_nano.a(lib_a-exit.o)
                              /Users/bscholar/gcc-arm-none-eabi/bin/../lib/gcc/arm-none-eabi/9.2.1/../../../../arm-none-eabi/lib/thumb/v7-m/nofp/crt0.o (exit)
/Users/bscholar/gcc-arm-none-eabi/bin/../lib/gcc/arm-none-eabi/9.2.1/../../../../arm-none-eabi/lib/thumb/v7-m/nofp/libg_nano.a(lib_a-impure.o)
                              /Users/bscholar/gcc-arm-none-eabi/bin/../lib/gcc/arm-none-eabi/9.2.1/../../../../arm-none-eabi/lib/thumb/v7-m/nofp/libg_nano.a(lib_a-exit.o) (_global_impure_ptr)
/Users/bscholar/gcc-arm-none-eabi/bin/../lib/gcc/arm-none-eabi/9.2.1/../../../../arm-none-eabi/lib/thumb/v7-m/nofp/libg_nano.a(lib_a-init.o)
                              /Users/bscholar/gcc-arm-none-eabi/bin/../lib/gcc/arm-none-eabi/9.2.1/../../../../arm-none-eabi/lib/thumb/v7-m/nofp/crt0.o (__libc_init_array)
/Users/bscholar/gcc-arm-none-eabi/bin/../lib/gcc/arm-none-eabi/9.2.1/../../../../arm-none-eabi/lib/thumb/v7-m/nofp/libg_nano.a(lib_a-memset.o)
                              /Users/bscholar/gcc-arm-none-eabi/bin/../lib/gcc/arm-none-eabi/9.2.1/../../../../arm-none-eabi/lib/thumb/v7-m/nofp/crt0.o (memset)

Discarded input sections

 .text          0x0000000000000000        0x0 /Users/bscholar/gcc-arm-none-eabi/bin/../lib/gcc/arm-none-eabi/9.2.1/thumb/v7-m/nofp/crti.o
 .data          0x0000000000000000        0x0 /Users/bscholar/gcc-arm-none-eabi/bin/../lib/gcc/arm-none-eabi/9.2.1/thumb/v7-m/nofp/crti.o
 .bss           0x0000000000000000        0x0 /Users/bscholar/gcc-arm-none-eabi/bin/../lib/gcc/arm-none-eabi/9.2.1/thumb/v7-m/nofp/crti.o
 .data          0x0000000000000000        0x4 /Users/bscholar/gcc-arm-none-eabi/bin/../lib/gcc/arm-none-eabi/9.2.1/thumb/v7-m/nofp/crtbegin.o
 .text          0x0000000000000000       0x74 /Users/bscholar/gcc-arm-none-eabi/bin/../lib/gcc/arm-none-eabi/9.2.1/../../../../arm-none-eabi/lib/thumb/v7-m/nofp/crt0.o
 .data          0x0000000000000000        0x0 /Users/bscholar/gcc-arm-none-eabi/bin/../lib/gcc/arm-none-eabi/9.2.1/../../../../arm-none-eabi/lib/thumb/v7-m/nofp/crt0.o
 .bss           0x0000000000000000        0x0 /Users/bscholar/gcc-arm-none-eabi/bin/../lib/gcc/arm-none-eabi/9.2.1/../../../../arm-none-eabi/lib/thumb/v7-m/nofp/crt0.o
 .ARM.extab     0x0000000000000000        0x0 /Users/bscholar/gcc-arm-none-eabi/bin/../lib/gcc/arm-none-eabi/9.2.1/../../../../arm-none-eabi/lib/thumb/v7-m/nofp/crt0.o
 .ARM.exidx     0x0000000000000000        0x8 /Users/bscholar/gcc-arm-none-eabi/bin/../lib/gcc/arm-none-eabi/9.2.1/../../../../arm-none-eabi/lib/thumb/v7-m/nofp/crt0.o
 .ARM.attributes
                0x0000000000000000       0x1b /Users/bscholar/gcc-arm-none-eabi/bin/../lib/gcc/arm-none-eabi/9.2.1/../../../../arm-none-eabi/lib/thumb/v7-m/nofp/crt0.o
 .text          0x0000000000000000        0x0 CMakeFiles/CANCoder.elf.dir/Core/Src/main.c.obj
 .data          0x0000000000000000        0x0 CMakeFiles/CANCoder.elf.dir/Core/Src/main.c.obj
 .bss           0x0000000000000000        0x0 CMakeFiles/CANCoder.elf.dir/Core/Src/main.c.obj
 .bss.tx_buffer
                0x0000000000000000       0x7f CMakeFiles/CANCoder.elf.dir/Core/Src/main.c.obj
 .bss.rx_buffer
                0x0000000000000000       0x7f CMakeFiles/CANCoder.elf.dir/Core/Src/main.c.obj
 .bss.uCurrentTrim_val
                0x0000000000000000        0x1 CMakeFiles/CANCoder.elf.dir/Core/Src/main.c.obj
 .bss.usart_buffer
                0x0000000000000000      0x400 CMakeFiles/CANCoder.elf.dir/Core/Src/main.c.obj
 .bss.USART_status
                0x0000000000000000        0x1 CMakeFiles/CANCoder.elf.dir/Core/Src/main.c.obj
 .bss.enabled   0x0000000000000000        0x1 CMakeFiles/CANCoder.elf.dir/Core/Src/main.c.obj
 .text.send_CAN_ticks_message
                0x0000000000000000       0x5c CMakeFiles/CANCoder.elf.dir/Core/Src/main.c.obj
 .text          0x0000000000000000        0x0 CMakeFiles/CANCoder.elf.dir/Core/Src/stm32f1xx_hal_msp.c.obj
 .data          0x0000000000000000        0x0 CMakeFiles/CANCoder.elf.dir/Core/Src/stm32f1xx_hal_msp.c.obj
 .bss           0x0000000000000000        0x0 CMakeFiles/CANCoder.elf.dir/Core/Src/stm32f1xx_hal_msp.c.obj
 .text.HAL_CAN_MspDeInit
                0x0000000000000000       0x3c CMakeFiles/CANCoder.elf.dir/Core/Src/stm32f1xx_hal_msp.c.obj
 .text.HAL_UART_MspDeInit
                0x0000000000000000       0x3c CMakeFiles/CANCoder.elf.dir/Core/Src/stm32f1xx_hal_msp.c.obj
 .text          0x0000000000000000        0x0 CMakeFiles/CANCoder.elf.dir/Core/Src/stm32f1xx_it.c.obj
[...]
Memory Configuration

Name             Origin             Length             Attributes
RAM              0x0000000020000000 0x0000000000005000 xrw
FLASH            0x0000000008000000 0x0000000000010000 xr
*default*        0x0000000000000000 0xffffffffffffffff

Linker script and memory map

LOAD /Users/bscholar/gcc-arm-none-eabi/bin/../lib/gcc/arm-none-eabi/9.2.1/thumb/v7-m/nofp/crti.o
LOAD /Users/bscholar/gcc-arm-none-eabi/bin/../lib/gcc/arm-none-eabi/9.2.1/thumb/v7-m/nofp/crtbegin.o
LOAD /Users/bscholar/gcc-arm-none-eabi/bin/../lib/gcc/arm-none-eabi/9.2.1/../../../../arm-none-eabi/lib/thumb/v7-m/nofp/crt0.o
LOAD CMakeFiles/CANCoder.elf.dir/Core/Src/main.c.obj
LOAD CMakeFiles/CANCoder.elf.dir/Core/Src/stm32f1xx_hal_msp.c.obj
LOAD CMakeFiles/CANCoder.elf.dir/Core/Src/stm32f1xx_it.c.obj
LOAD CMakeFiles/CANCoder.elf.dir/Core/Src/syscalls.c.obj
LOAD CMakeFiles/CANCoder.elf.dir/Core/Src/system_stm32f1xx.c.obj
LOAD CMakeFiles/CANCoder.elf.dir/Drivers/STM32F1xx_HAL_Driver/Src/stm32f1xx_hal.c.obj
LOAD CMakeFiles/CANCoder.elf.dir/Drivers/STM32F1xx_HAL_Driver/Src/stm32f1xx_hal_can.c.obj
LOAD CMakeFiles/CANCoder.elf.dir/Drivers/STM32F1xx_HAL_Driver/Src/stm32f1xx_hal_cortex.c.obj
LOAD CMakeFiles/CANCoder.elf.dir/Drivers/STM32F1xx_HAL_Driver/Src/stm32f1xx_hal_dma.c.obj
LOAD CMakeFiles/CANCoder.elf.dir/Drivers/STM32F1xx_HAL_Driver/Src/stm32f1xx_hal_exti.c.obj
LOAD CMakeFiles/CANCoder.elf.dir/Drivers/STM32F1xx_HAL_Driver/Src/stm32f1xx_hal_flash.c.obj
LOAD CMakeFiles/CANCoder.elf.dir/Drivers/STM32F1xx_HAL_Driver/Src/stm32f1xx_hal_flash_ex.c.obj
LOAD CMakeFiles/CANCoder.elf.dir/Drivers/STM32F1xx_HAL_Driver/Src/stm32f1xx_hal_gpio.c.obj
LOAD CMakeFiles/CANCoder.elf.dir/Drivers/STM32F1xx_HAL_Driver/Src/stm32f1xx_hal_gpio_ex.c.obj
LOAD CMakeFiles/CANCoder.elf.dir/Drivers/STM32F1xx_HAL_Driver/Src/stm32f1xx_hal_pwr.c.obj
LOAD CMakeFiles/CANCoder.elf.dir/Drivers/STM32F1xx_HAL_Driver/Src/stm32f1xx_hal_rcc.c.obj
LOAD CMakeFiles/CANCoder.elf.dir/Drivers/STM32F1xx_HAL_Driver/Src/stm32f1xx_hal_rcc_ex.c.obj
LOAD CMakeFiles/CANCoder.elf.dir/Drivers/STM32F1xx_HAL_Driver/Src/stm32f1xx_hal_tim.c.obj
LOAD CMakeFiles/CANCoder.elf.dir/Drivers/STM32F1xx_HAL_Driver/Src/stm32f1xx_hal_tim_ex.c.obj
LOAD CMakeFiles/CANCoder.elf.dir/Drivers/STM32F1xx_HAL_Driver/Src/stm32f1xx_hal_uart.c.obj
LOAD CMakeFiles/CANCoder.elf.dir/startup/startup_stm32f103xb.s.obj
START GROUP
LOAD /Users/bscholar/gcc-arm-none-eabi/bin/../lib/gcc/arm-none-eabi/9.2.1/thumb/v7-m/nofp/libgcc.a
LOAD /Users/bscholar/gcc-arm-none-eabi/bin/../lib/gcc/arm-none-eabi/9.2.1/../../../../arm-none-eabi/lib/thumb/v7-m/nofp/libg_nano.a
LOAD /Users/bscholar/gcc-arm-none-eabi/bin/../lib/gcc/arm-none-eabi/9.2.1/../../../../arm-none-eabi/lib/thumb/v7-m/nofp/libc_nano.a
END GROUP
START GROUP
LOAD /Users/bscholar/gcc-arm-none-eabi/bin/../lib/gcc/arm-none-eabi/9.2.1/thumb/v7-m/nofp/libgcc.a
LOAD /Users/bscholar/gcc-arm-none-eabi/bin/../lib/gcc/arm-none-eabi/9.2.1/../../../../arm-none-eabi/lib/thumb/v7-m/nofp/libc_nano.a
LOAD /Users/bscholar/gcc-arm-none-eabi/bin/../lib/gcc/arm-none-eabi/9.2.1/../../../../arm-none-eabi/lib/thumb/v7-m/nofp/libnosys.a
END GROUP
START GROUP
LOAD /Users/bscholar/gcc-arm-none-eabi/bin/../lib/gcc/arm-none-eabi/9.2.1/thumb/v7-m/nofp/libgcc.a
LOAD /Users/bscholar/gcc-arm-none-eabi/bin/../lib/gcc/arm-none-eabi/9.2.1/../../../../arm-none-eabi/lib/thumb/v7-m/nofp/libc_nano.a
LOAD /Users/bscholar/gcc-arm-none-eabi/bin/../lib/gcc/arm-none-eabi/9.2.1/../../../../arm-none-eabi/lib/thumb/v7-m/nofp/libnosys.a
END GROUP
LOAD /Users/bscholar/gcc-arm-none-eabi/bin/../lib/gcc/arm-none-eabi/9.2.1/thumb/v7-m/nofp/crtend.o
LOAD /Users/bscholar/gcc-arm-none-eabi/bin/../lib/gcc/arm-none-eabi/9.2.1/thumb/v7-m/nofp/crtn.o
                0x0000000020005000                _estack = 0x20005000
                0x0000000000000200                _Min_Heap_Size = 0x200
                0x0000000000000400                _Min_Stack_Size = 0x400

.isr_vector     0x0000000008000000      0x10c
                0x0000000008000000                . = ALIGN (0x4)
 *(.isr_vector)
 .isr_vector    0x0000000008000000      0x10c CMakeFiles/CANCoder.elf.dir/startup/startup_stm32f103xb.s.obj
                0x0000000008000000                g_pfnVectors
                0x000000000800010c                . = ALIGN (0x4)

.text           0x000000000800010c     0x2154
                0x000000000800010c                . = ALIGN (0x4)
 *(.text)
 .text          0x000000000800010c       0x40 /Users/bscholar/gcc-arm-none-eabi/bin/../lib/gcc/arm-none-eabi/9.2.1/thumb/v7-m/nofp/crtbegin.o
 *(.text*)
 .text.main     0x000000000800014c      0x1a0 CMakeFiles/CANCoder.elf.dir/Core/Src/main.c.obj
                0x000000000800014c                main
 .text.SystemClock_Config
                0x00000000080002ec       0x8a CMakeFiles/CANCoder.elf.dir/Core/Src/main.c.obj
                0x00000000080002ec                SystemClock_Config
 *fill*         0x0000000008000376        0x2 
 .text.MX_CAN_Init
                0x0000000008000378       0xac CMakeFiles/CANCoder.elf.dir/Core/Src/main.c.obj
 .text.MX_USART1_UART_Init
                0x0000000008000424       0x54 CMakeFiles/CANCoder.elf.dir/Core/Src/main.c.obj
 .text.MX_GPIO_Init
                0x0000000008000478      0x124 CMakeFiles/CANCoder.elf.dir/Core/Src/main.c.obj
 .text.debug    0x000000000800059c       0x50 CMakeFiles/CANCoder.elf.dir/Core/Src/main.c.obj
                0x000000000800059c                debug
 .text.Error_Handler
                0x00000000080005ec        0xc CMakeFiles/CANCoder.elf.dir/Core/Src/main.c.obj
                0x00000000080005ec                Error_Handler
 .text.HAL_MspInit
                0x00000000080005f8       0x64 CMakeFiles/CANCoder.elf.dir/Core/Src/stm32f1xx_hal_msp.c.obj
                0x00000000080005f8                HAL_MspInit
 .text.HAL_CAN_MspInit
                0x000000000800065c       0xc0 CMakeFiles/CANCoder.elf.dir/Core/Src/stm32f1xx_hal_msp.c.obj
                0x000000000800065c                HAL_CAN_MspInit
 .text.HAL_UART_MspInit
                0x000000000800071c       0x98 CMakeFiles/CANCoder.elf.dir/Core/Src/stm32f1xx_hal_msp.c.obj
                0x000000000800071c                HAL_UART_MspInit
 .text.NMI_Handler
                0x00000000080007b4        0xc CMakeFiles/CANCoder.elf.dir/Core/Src/stm32f1xx_it.c.obj
                0x00000000080007b4                NMI_Handler
 .text.HardFault_Handler
                0x00000000080007c0        0x6 CMakeFiles/CANCoder.elf.dir/Core/Src/stm32f1xx_it.c.obj
                0x00000000080007c0                HardFault_Handler
 .text.MemManage_Handler
                0x00000000080007c6        0x6 CMakeFiles/CANCoder.elf.dir/Core/Src/stm32f1xx_it.c.obj
                0x00000000080007c6                MemManage_Handler
 .text.BusFault_Handler
                0x00000000080007cc        0x6 CMakeFiles/CANCoder.elf.dir/Core/Src/stm32f1xx_it.c.obj
                0x00000000080007cc                BusFault_Handler
 .text.UsageFault_Handler
                0x00000000080007d2        0x6 CMakeFiles/CANCoder.elf.dir/Core/Src/stm32f1xx_it.c.obj
                0x00000000080007d2                UsageFault_Handler
 .text.SVC_Handler
                0x00000000080007d8        0xc CMakeFiles/CANCoder.elf.dir/Core/Src/stm32f1xx_it.c.obj
                0x00000000080007d8                SVC_Handler
 .text.DebugMon_Handler
                0x00000000080007e4        0xc CMakeFiles/CANCoder.elf.dir/Core/Src/stm32f1xx_it.c.obj
                0x00000000080007e4                DebugMon_Handler
 .text.PendSV_Handler
                0x00000000080007f0        0xc CMakeFiles/CANCoder.elf.dir/Core/Src/stm32f1xx_it.c.obj
                0x00000000080007f0                PendSV_Handler
 .text.SysTick_Handler
                0x00000000080007fc        0xc CMakeFiles/CANCoder.elf.dir/Core/Src/stm32f1xx_it.c.obj
                0x00000000080007fc                SysTick_Handler
 .text.SystemInit
                0x0000000008000808       0x68 CMakeFiles/CANCoder.elf.dir/Core/Src/system_stm32f1xx.c.obj
                0x0000000008000808                SystemInit
 .text.HAL_Init
                0x0000000008000870       0x2c CMakeFiles/CANCoder.elf.dir/Drivers/STM32F1xx_HAL_Driver/Src/stm32f1xx_hal.c.obj
                0x0000000008000870                HAL_Init
 .text.HAL_InitTick
                0x000000000800089c       0x60 CMakeFiles/CANCoder.elf.dir/Drivers/STM32F1xx_HAL_Driver/Src/stm32f1xx_hal.c.obj
                0x000000000800089c                HAL_InitTick
 .text.HAL_IncTick
                0x00000000080008fc       0x24 CMakeFiles/CANCoder.elf.dir/Drivers/STM32F1xx_HAL_Driver/Src/stm32f1xx_hal.c.obj
                0x00000000080008fc                HAL_IncTick
 .text.HAL_GetTick
                0x0000000008000920       0x14 CMakeFiles/CANCoder.elf.dir/Drivers/STM32F1xx_HAL_Driver/Src/stm32f1xx_hal.c.obj
                0x0000000008000920                HAL_GetTick
 .text.HAL_Delay
                0x0000000008000934       0x48 CMakeFiles/CANCoder.elf.dir/Drivers/STM32F1xx_HAL_Driver/Src/stm32f1xx_hal.c.obj
                0x0000000008000934                HAL_Delay
 .text.HAL_CAN_Init
                0x000000000800097c      0x1f6 CMakeFiles/CANCoder.elf.dir/Drivers/STM32F1xx_HAL_Driver/Src/stm32f1xx_hal_can.c.obj
                0x000000000800097c                HAL_CAN_Init
 .text.HAL_CAN_ConfigFilter
                0x0000000008000b72      0x192 CMakeFiles/CANCoder.elf.dir/Drivers/STM32F1xx_HAL_Driver/Src/stm32f1xx_hal_can.c.obj
                0x0000000008000b72                HAL_CAN_ConfigFilter
 .text.HAL_CAN_Start
                0x0000000008000d04       0x88 CMakeFiles/CANCoder.elf.dir/Drivers/STM32F1xx_HAL_Driver/Src/stm32f1xx_hal_can.c.obj
                0x0000000008000d04                HAL_CAN_Start
 .text.HAL_CAN_GetRxMessage
                0x0000000008000d8c      0x222 CMakeFiles/CANCoder.elf.dir/Drivers/STM32F1xx_HAL_Driver/Src/stm32f1xx_hal_can.c.obj
                0x0000000008000d8c                HAL_CAN_GetRxMessage
 .text.HAL_CAN_GetRxFifoFillLevel
                0x0000000008000fae       0x4e CMakeFiles/CANCoder.elf.dir/Drivers/STM32F1xx_HAL_Driver/Src/stm32f1xx_hal_can.c.obj
                0x0000000008000fae                HAL_CAN_GetRxFifoFillLevel
 .text.__NVIC_SetPriorityGrouping
                0x0000000008000ffc       0x48 CMakeFiles/CANCoder.elf.dir/Drivers/STM32F1xx_HAL_Driver/Src/stm32f1xx_hal_cortex.c.obj
 .text.__NVIC_GetPriorityGrouping
                0x0000000008001044       0x1c CMakeFiles/CANCoder.elf.dir/Drivers/STM32F1xx_HAL_Driver/Src/stm32f1xx_hal_cortex.c.obj
 .text.__NVIC_SetPriority
                0x0000000008001060       0x54 CMakeFiles/CANCoder.elf.dir/Drivers/STM32F1xx_HAL_Driver/Src/stm32f1xx_hal_cortex.c.obj
 .text.NVIC_EncodePriority
                0x00000000080010b4       0x64 CMakeFiles/CANCoder.elf.dir/Drivers/STM32F1xx_HAL_Driver/Src/stm32f1xx_hal_cortex.c.obj
 .text.SysTick_Config
                0x0000000008001118       0x44 CMakeFiles/CANCoder.elf.dir/Drivers/STM32F1xx_HAL_Driver/Src/stm32f1xx_hal_cortex.c.obj
 .text.HAL_NVIC_SetPriorityGrouping
                0x000000000800115c       0x16 CMakeFiles/CANCoder.elf.dir/Drivers/STM32F1xx_HAL_Driver/Src/stm32f1xx_hal_cortex.c.obj
                0x000000000800115c                HAL_NVIC_SetPriorityGrouping
 .text.HAL_NVIC_SetPriority
                0x0000000008001172       0x38 CMakeFiles/CANCoder.elf.dir/Drivers/STM32F1xx_HAL_Driver/Src/stm32f1xx_hal_cortex.c.obj
                0x0000000008001172                HAL_NVIC_SetPriority
 .text.HAL_SYSTICK_Config
                0x00000000080011aa       0x18 CMakeFiles/CANCoder.elf.dir/Drivers/STM32F1xx_HAL_Driver/Src/stm32f1xx_hal_cortex.c.obj
                0x00000000080011aa                HAL_SYSTICK_Config
 *fill*         0x00000000080011c2        0x2 
 .text.HAL_GPIO_Init
                0x00000000080011c4      0x308 CMakeFiles/CANCoder.elf.dir/Drivers/STM32F1xx_HAL_Driver/Src/stm32f1xx_hal_gpio.c.obj
                0x00000000080011c4                HAL_GPIO_Init
 .text.HAL_GPIO_ReadPin
                0x00000000080014cc       0x2e CMakeFiles/CANCoder.elf.dir/Drivers/STM32F1xx_HAL_Driver/Src/stm32f1xx_hal_gpio.c.obj
                0x00000000080014cc                HAL_GPIO_ReadPin
 .text.HAL_GPIO_WritePin
                0x00000000080014fa       0x30 CMakeFiles/CANCoder.elf.dir/Drivers/STM32F1xx_HAL_Driver/Src/stm32f1xx_hal_gpio.c.obj
                0x00000000080014fa                HAL_GPIO_WritePin
 .text.HAL_GPIO_TogglePin
                0x000000000800152a       0x30 CMakeFiles/CANCoder.elf.dir/Drivers/STM32F1xx_HAL_Driver/Src/stm32f1xx_hal_gpio.c.obj
                0x000000000800152a                HAL_GPIO_TogglePin
 *fill*         0x000000000800155a        0x2 
 .text.HAL_RCC_OscConfig
                0x000000000800155c      0x500 CMakeFiles/CANCoder.elf.dir/Drivers/STM32F1xx_HAL_Driver/Src/stm32f1xx_hal_rcc.c.obj
                0x000000000800155c                HAL_RCC_OscConfig
 .text.HAL_RCC_ClockConfig
                0x0000000008001a5c      0x1d4 CMakeFiles/CANCoder.elf.dir/Drivers/STM32F1xx_HAL_Driver/Src/stm32f1xx_hal_rcc.c.obj
                0x0000000008001a5c                HAL_RCC_ClockConfig
 .text.HAL_RCC_GetSysClockFreq
                0x0000000008001c30       0xc0 CMakeFiles/CANCoder.elf.dir/Drivers/STM32F1xx_HAL_Driver/Src/stm32f1xx_hal_rcc.c.obj
                0x0000000008001c30                HAL_RCC_GetSysClockFreq
 .text.HAL_RCC_GetHCLKFreq
                0x0000000008001cf0       0x14 CMakeFiles/CANCoder.elf.dir/Drivers/STM32F1xx_HAL_Driver/Src/stm32f1xx_hal_rcc.c.obj
                0x0000000008001cf0                HAL_RCC_GetHCLKFreq
 .text.HAL_RCC_GetPCLK1Freq
                0x0000000008001d04       0x28 CMakeFiles/CANCoder.elf.dir/Drivers/STM32F1xx_HAL_Driver/Src/stm32f1xx_hal_rcc.c.obj
                0x0000000008001d04                HAL_RCC_GetPCLK1Freq
 .text.HAL_RCC_GetPCLK2Freq
                0x0000000008001d2c       0x28 CMakeFiles/CANCoder.elf.dir/Drivers/STM32F1xx_HAL_Driver/Src/stm32f1xx_hal_rcc.c.obj
                0x0000000008001d2c                HAL_RCC_GetPCLK2Freq
 .text.RCC_Delay
                0x0000000008001d54       0x3c CMakeFiles/CANCoder.elf.dir/Drivers/STM32F1xx_HAL_Driver/Src/stm32f1xx_hal_rcc.c.obj
 .text.HAL_UART_Init
                0x0000000008001d90       0x9a CMakeFiles/CANCoder.elf.dir/Drivers/STM32F1xx_HAL_Driver/Src/stm32f1xx_hal_uart.c.obj
                0x0000000008001d90                HAL_UART_Init
 .text.HAL_UART_Transmit
                0x0000000008001e2a      0x132 CMakeFiles/CANCoder.elf.dir/Drivers/STM32F1xx_HAL_Driver/Src/stm32f1xx_hal_uart.c.obj
                0x0000000008001e2a                HAL_UART_Transmit
 .text.UART_WaitOnFlagUntilTimeout
                0x0000000008001f5c       0x94 CMakeFiles/CANCoder.elf.dir/Drivers/STM32F1xx_HAL_Driver/Src/stm32f1xx_hal_uart.c.obj
 .text.UART_SetConfig
                0x0000000008001ff0      0x1b4 CMakeFiles/CANCoder.elf.dir/Drivers/STM32F1xx_HAL_Driver/Src/stm32f1xx_hal_uart.c.obj
 .text.Reset_Handler
                0x00000000080021a4       0x48 CMakeFiles/CANCoder.elf.dir/startup/startup_stm32f103xb.s.obj
                0x00000000080021a4                Reset_Handler
 .text.Default_Handler
                0x00000000080021ec        0x2 CMakeFiles/CANCoder.elf.dir/startup/startup_stm32f103xb.s.obj
                0x00000000080021ec                USBWakeUp_IRQHandler
                0x00000000080021ec                EXTI2_IRQHandler
                0x00000000080021ec                TIM1_CC_IRQHandler
                0x00000000080021ec                PVD_IRQHandler
                0x00000000080021ec                EXTI3_IRQHandler
                0x00000000080021ec                EXTI0_IRQHandler
                0x00000000080021ec                I2C2_EV_IRQHandler
                0x00000000080021ec                ADC1_2_IRQHandler
                0x00000000080021ec                SPI1_IRQHandler
                0x00000000080021ec                TAMPER_IRQHandler
                0x00000000080021ec                DMA1_Channel4_IRQHandler
                0x00000000080021ec                USART3_IRQHandler
                0x00000000080021ec                RTC_IRQHandler
                0x00000000080021ec                DMA1_Channel7_IRQHandler
                0x00000000080021ec                CAN1_RX1_IRQHandler
                0x00000000080021ec                TIM4_IRQHandler
                0x00000000080021ec                I2C1_EV_IRQHandler
                0x00000000080021ec                DMA1_Channel6_IRQHandler
                0x00000000080021ec                TIM3_IRQHandler
                0x00000000080021ec                RCC_IRQHandler
                0x00000000080021ec                TIM1_TRG_COM_IRQHandler
                0x00000000080021ec                DMA1_Channel1_IRQHandler
                0x00000000080021ec                Default_Handler
                0x00000000080021ec                EXTI15_10_IRQHandler
                0x00000000080021ec                EXTI9_5_IRQHandler
                0x00000000080021ec                SPI2_IRQHandler
                0x00000000080021ec                DMA1_Channel5_IRQHandler
                0x00000000080021ec                EXTI4_IRQHandler
                0x00000000080021ec                USB_LP_CAN1_RX0_IRQHandler
                0x00000000080021ec                USB_HP_CAN1_TX_IRQHandler
                0x00000000080021ec                DMA1_Channel3_IRQHandler
                0x00000000080021ec                TIM1_UP_IRQHandler
                0x00000000080021ec                WWDG_IRQHandler
                0x00000000080021ec                TIM2_IRQHandler
                0x00000000080021ec                TIM1_BRK_IRQHandler
                0x00000000080021ec                EXTI1_IRQHandler
                0x00000000080021ec                USART2_IRQHandler
                0x00000000080021ec                I2C2_ER_IRQHandler
                0x00000000080021ec                DMA1_Channel2_IRQHandler
                0x00000000080021ec                CAN1_SCE_IRQHandler
                0x00000000080021ec                FLASH_IRQHandler
                0x00000000080021ec                USART1_IRQHandler
                0x00000000080021ec                I2C1_ER_IRQHandler
                0x00000000080021ec                RTC_Alarm_IRQHandler
 *fill*         0x00000000080021ee        0x2 
 .text.__libc_init_array
                0x00000000080021f0       0x48 /Users/bscholar/gcc-arm-none-eabi/bin/../lib/gcc/arm-none-eabi/9.2.1/../../../../arm-none-eabi/lib/thumb/v7-m/nofp/libg_nano.a(lib_a-init.o)
                0x00000000080021f0                __libc_init_array
 .text.memset   0x0000000008002238       0x10 /Users/bscholar/gcc-arm-none-eabi/bin/../lib/gcc/arm-none-eabi/9.2.1/../../../../arm-none-eabi/lib/thumb/v7-m/nofp/libg_nano.a(lib_a-memset.o)
                0x0000000008002238                memset
 *(.glue_7)
 .glue_7        0x0000000008002248        0x0 linker stubs
 *(.glue_7t)
 .glue_7t       0x0000000008002248        0x0 linker stubs
 *(.eh_frame)
 .eh_frame      0x0000000008002248        0x0 /Users/bscholar/gcc-arm-none-eabi/bin/../lib/gcc/arm-none-eabi/9.2.1/thumb/v7-m/nofp/crtbegin.o
 *(.init)
 .init          0x0000000008002248        0x4 /Users/bscholar/gcc-arm-none-eabi/bin/../lib/gcc/arm-none-eabi/9.2.1/thumb/v7-m/nofp/crti.o
                0x0000000008002248                _init
 .init          0x000000000800224c        0x8 /Users/bscholar/gcc-arm-none-eabi/bin/../lib/gcc/arm-none-eabi/9.2.1/thumb/v7-m/nofp/crtn.o
 *(.fini)
 .fini          0x0000000008002254        0x4 /Users/bscholar/gcc-arm-none-eabi/bin/../lib/gcc/arm-none-eabi/9.2.1/thumb/v7-m/nofp/crti.o
                0x0000000008002254                _fini
 .fini          0x0000000008002258        0x8 /Users/bscholar/gcc-arm-none-eabi/bin/../lib/gcc/arm-none-eabi/9.2.1/thumb/v7-m/nofp/crtn.o
                0x0000000008002260                . = ALIGN (0x4)
                0x0000000008002260                _etext = .

.vfp11_veneer   0x0000000008002260        0x0
 .vfp11_veneer  0x0000000008002260        0x0 linker stubs

.v4_bx          0x0000000008002260        0x0
 .v4_bx         0x0000000008002260        0x0 linker stubs

.iplt           0x0000000008002260        0x0
 .iplt          0x0000000008002260        0x0 /Users/bscholar/gcc-arm-none-eabi/bin/../lib/gcc/arm-none-eabi/9.2.1/thumb/v7-m/nofp/crtbegin.o

.rodata         0x0000000008002260       0x40
                0x0000000008002260                . = ALIGN (0x4)
 *(.rodata)
 .rodata        0x0000000008002260       0x15 CMakeFiles/CANCoder.elf.dir/Core/Src/main.c.obj
 *fill*         0x0000000008002275        0x3 
 .rodata        0x0000000008002278       0x10 CMakeFiles/CANCoder.elf.dir/Drivers/STM32F1xx_HAL_Driver/Src/stm32f1xx_hal_rcc.c.obj
 *(.rodata*)
 .rodata.AHBPrescTable
                0x0000000008002288       0x10 CMakeFiles/CANCoder.elf.dir/Core/Src/system_stm32f1xx.c.obj
                0x0000000008002288                AHBPrescTable
 .rodata.APBPrescTable
                0x0000000008002298        0x8 CMakeFiles/CANCoder.elf.dir/Core/Src/system_stm32f1xx.c.obj
                0x0000000008002298                APBPrescTable
                0x00000000080022a0                . = ALIGN (0x4)

.rel.dyn        0x00000000080022a0        0x0
 .rel.iplt      0x00000000080022a0        0x0 /Users/bscholar/gcc-arm-none-eabi/bin/../lib/gcc/arm-none-eabi/9.2.1/thumb/v7-m/nofp/crtbegin.o

.ARM.extab
 *(.ARM.extab* .gnu.linkonce.armextab.*)

.ARM            0x00000000080022a0        0x0
                0x00000000080022a0                __exidx_start = .
 *(.ARM.exidx*)
                0x00000000080022a0                __exidx_end = .

.preinit_array  0x00000000080022a0        0x0
                0x00000000080022a0                PROVIDE (__preinit_array_start = .)
 *(.preinit_array*)
                0x00000000080022a0                PROVIDE (__preinit_array_end = .)

.init_array     0x00000000080022a0        0x4
                0x00000000080022a0                PROVIDE (__init_array_start = .)
 *(SORT_BY_NAME(.init_array.*))
 *(.init_array*)
 .init_array    0x00000000080022a0        0x4 /Users/bscholar/gcc-arm-none-eabi/bin/../lib/gcc/arm-none-eabi/9.2.1/thumb/v7-m/nofp/crtbegin.o
                0x00000000080022a4                PROVIDE (__init_array_end = .)

.fini_array     0x00000000080022a4        0x4
                [!provide]                        PROVIDE (__fini_array_start = .)
 *(SORT_BY_NAME(.fini_array.*))
 *(.fini_array*)
 .fini_array    0x00000000080022a4        0x4 /Users/bscholar/gcc-arm-none-eabi/bin/../lib/gcc/arm-none-eabi/9.2.1/thumb/v7-m/nofp/crtbegin.o
                [!provide]                        PROVIDE (__fini_array_end = .)
                0x00000000080022a8                _sidata = LOADADDR (.data)

.data           0x0000000020000000        0xc load address 0x00000000080022a8
                0x0000000020000000                . = ALIGN (0x4)
                0x0000000020000000                _sdata = .
 *(.data)
 *(.data*)
 .data.SystemCoreClock
                0x0000000020000000        0x4 CMakeFiles/CANCoder.elf.dir/Core/Src/system_stm32f1xx.c.obj
                0x0000000020000000                SystemCoreClock
 .data.uwTickPrio
                0x0000000020000004        0x4 CMakeFiles/CANCoder.elf.dir/Drivers/STM32F1xx_HAL_Driver/Src/stm32f1xx_hal.c.obj
                0x0000000020000004                uwTickPrio
 .data.uwTickFreq
                0x0000000020000008        0x1 CMakeFiles/CANCoder.elf.dir/Drivers/STM32F1xx_HAL_Driver/Src/stm32f1xx_hal.c.obj
                0x0000000020000008                uwTickFreq
                0x000000002000000c                . = ALIGN (0x4)
 *fill*         0x0000000020000009        0x3 
                0x000000002000000c                _edata = .

.igot.plt       0x000000002000000c        0x0 load address 0x00000000080022b4
 .igot.plt      0x000000002000000c        0x0 /Users/bscholar/gcc-arm-none-eabi/bin/../lib/gcc/arm-none-eabi/9.2.1/thumb/v7-m/nofp/crtbegin.o
                0x000000002000000c                . = ALIGN (0x4)

.bss            0x000000002000000c       0xb4 load address 0x00000000080022b4
                0x000000002000000c                _sbss = .
                0x000000002000000c                __bss_start__ = _sbss
 *(.bss)
 .bss           0x000000002000000c       0x1c /Users/bscholar/gcc-arm-none-eabi/bin/../lib/gcc/arm-none-eabi/9.2.1/thumb/v7-m/nofp/crtbegin.o
 *(.bss*)
 .bss.hcan      0x0000000020000028       0x28 CMakeFiles/CANCoder.elf.dir/Core/Src/main.c.obj
                0x0000000020000028                hcan
 .bss.huart1    0x0000000020000050       0x40 CMakeFiles/CANCoder.elf.dir/Core/Src/main.c.obj
                0x0000000020000050                huart1
 .bss.hcan_filter
                0x0000000020000090       0x28 CMakeFiles/CANCoder.elf.dir/Core/Src/main.c.obj
                0x0000000020000090                hcan_filter
 .bss.CAN_ID    0x00000000200000b8        0x1 CMakeFiles/CANCoder.elf.dir/Core/Src/main.c.obj
                0x00000000200000b8                CAN_ID
 .bss.CAN_status
                0x00000000200000b9        0x1 CMakeFiles/CANCoder.elf.dir/Core/Src/main.c.obj
                0x00000000200000b9                CAN_status
 *fill*         0x00000000200000ba        0x2 
 .bss.uwTick    0x00000000200000bc        0x4 CMakeFiles/CANCoder.elf.dir/Drivers/STM32F1xx_HAL_Driver/Src/stm32f1xx_hal.c.obj
                0x00000000200000bc                uwTick
 *(COMMON)
                0x00000000200000c0                . = ALIGN (0x4)
                0x00000000200000c0                _ebss = .
                0x00000000200000c0                __bss_end__ = _ebss

._user_heap_stack
                0x00000000200000c0      0x600 load address 0x00000000080022b4
                0x00000000200000c0                . = ALIGN (0x8)
                0x00000000200000c0                PROVIDE (end = .)
                [!provide]                        PROVIDE (_end = .)
                0x00000000200002c0                . = (. + _Min_Heap_Size)
 *fill*         0x00000000200000c0      0x200 
                0x00000000200006c0                . = (. + _Min_Stack_Size)
 *fill*         0x00000000200002c0      0x400 
                0x00000000200006c0                . = ALIGN (0x8)

/DISCARD/
 libc.a(*)
 libm.a(*)
 libgcc.a(*)

.ARM.attributes
                0x0000000000000000       0x29
 *(.ARM.attributes)
 .ARM.attributes
                0x0000000000000000       0x1d /Users/bscholar/gcc-arm-none-eabi/bin/../lib/gcc/arm-none-eabi/9.2.1/thumb/v7-m/nofp/crti.o
 .ARM.attributes
                0x000000000000001d       0x2d /Users/bscholar/gcc-arm-none-eabi/bin/../lib/gcc/arm-none-eabi/9.2.1/thumb/v7-m/nofp/crtbegin.o
 .ARM.attributes
                0x000000000000004a       0x2d CMakeFiles/CANCoder.elf.dir/Core/Src/main.c.obj
 .ARM.attributes
                0x0000000000000077       0x2d CMakeFiles/CANCoder.elf.dir/Core/Src/stm32f1xx_hal_msp.c.obj
 .ARM.attributes
                0x00000000000000a4       0x2d CMakeFiles/CANCoder.elf.dir/Core/Src/stm32f1xx_it.c.obj
 .ARM.attributes
                0x00000000000000d1       0x2d CMakeFiles/CANCoder.elf.dir/Core/Src/system_stm32f1xx.c.obj
 .ARM.attributes
                0x00000000000000fe       0x2d CMakeFiles/CANCoder.elf.dir/Drivers/STM32F1xx_HAL_Driver/Src/stm32f1xx_hal.c.obj
 .ARM.attributes
                0x000000000000012b       0x2d CMakeFiles/CANCoder.elf.dir/Drivers/STM32F1xx_HAL_Driver/Src/stm32f1xx_hal_can.c.obj
 .ARM.attributes
                0x0000000000000158       0x2d CMakeFiles/CANCoder.elf.dir/Drivers/STM32F1xx_HAL_Driver/Src/stm32f1xx_hal_cortex.c.obj
 .ARM.attributes
                0x0000000000000185       0x2d CMakeFiles/CANCoder.elf.dir/Drivers/STM32F1xx_HAL_Driver/Src/stm32f1xx_hal_gpio.c.obj
 .ARM.attributes
                0x00000000000001b2       0x2d CMakeFiles/CANCoder.elf.dir/Drivers/STM32F1xx_HAL_Driver/Src/stm32f1xx_hal_rcc.c.obj
 .ARM.attributes
                0x00000000000001df       0x2d CMakeFiles/CANCoder.elf.dir/Drivers/STM32F1xx_HAL_Driver/Src/stm32f1xx_hal_uart.c.obj
 .ARM.attributes
                0x000000000000020c       0x21 CMakeFiles/CANCoder.elf.dir/startup/startup_stm32f103xb.s.obj
 .ARM.attributes
                0x000000000000022d       0x2d /Users/bscholar/gcc-arm-none-eabi/bin/../lib/gcc/arm-none-eabi/9.2.1/../../../../arm-none-eabi/lib/thumb/v7-m/nofp/libg_nano.a(lib_a-init.o)
 .ARM.attributes
                0x000000000000025a       0x2d /Users/bscholar/gcc-arm-none-eabi/bin/../lib/gcc/arm-none-eabi/9.2.1/../../../../arm-none-eabi/lib/thumb/v7-m/nofp/libg_nano.a(lib_a-memset.o)
 .ARM.attributes
                0x0000000000000287       0x1d /Users/bscholar/gcc-arm-none-eabi/bin/../lib/gcc/arm-none-eabi/9.2.1/thumb/v7-m/nofp/crtn.o
OUTPUT(CANCoder.elf elf32-littlearm)

.debug_info     0x0000000000000000     0x6abc
 .debug_info    0x0000000000000000     0x116c CMakeFiles/CANCoder.elf.dir/Core/Src/main.c.obj
 .debug_info    0x000000000000116c      0xd26 CMakeFiles/CANCoder.elf.dir/Core/Src/stm32f1xx_hal_msp.c.obj
 .debug_info    0x0000000000001e92      0x206 CMakeFiles/CANCoder.elf.dir/Core/Src/stm32f1xx_it.c.obj
 .debug_info    0x0000000000002098      0x462 CMakeFiles/CANCoder.elf.dir/Core/Src/system_stm32f1xx.c.obj
 .debug_info    0x00000000000024fa      0x747 CMakeFiles/CANCoder.elf.dir/Drivers/STM32F1xx_HAL_Driver/Src/stm32f1xx_hal.c.obj
 .debug_info    0x0000000000002c41     0x1068 CMakeFiles/CANCoder.elf.dir/Drivers/STM32F1xx_HAL_Driver/Src/stm32f1xx_hal_can.c.obj
 .debug_info    0x0000000000003ca9      0xbc5 CMakeFiles/CANCoder.elf.dir/Drivers/STM32F1xx_HAL_Driver/Src/stm32f1xx_hal_cortex.c.obj
 .debug_info    0x000000000000486e      0x6da CMakeFiles/CANCoder.elf.dir/Drivers/STM32F1xx_HAL_Driver/Src/stm32f1xx_hal_gpio.c.obj
 .debug_info    0x0000000000004f48      0x877 CMakeFiles/CANCoder.elf.dir/Drivers/STM32F1xx_HAL_Driver/Src/stm32f1xx_hal_rcc.c.obj
 .debug_info    0x00000000000057bf     0x12db CMakeFiles/CANCoder.elf.dir/Drivers/STM32F1xx_HAL_Driver/Src/stm32f1xx_hal_uart.c.obj
 .debug_info    0x0000000000006a9a       0x22 CMakeFiles/CANCoder.elf.dir/startup/startup_stm32f103xb.s.obj

.debug_abbrev   0x0000000000000000     0x14e1
 .debug_abbrev  0x0000000000000000      0x2c9 CMakeFiles/CANCoder.elf.dir/Core/Src/main.c.obj
 .debug_abbrev  0x00000000000002c9      0x1eb CMakeFiles/CANCoder.elf.dir/Core/Src/stm32f1xx_hal_msp.c.obj
 .debug_abbrev  0x00000000000004b4       0xcf CMakeFiles/CANCoder.elf.dir/Core/Src/stm32f1xx_it.c.obj
 .debug_abbrev  0x0000000000000583      0x14b CMakeFiles/CANCoder.elf.dir/Core/Src/system_stm32f1xx.c.obj
 .debug_abbrev  0x00000000000006ce      0x1fd CMakeFiles/CANCoder.elf.dir/Drivers/STM32F1xx_HAL_Driver/Src/stm32f1xx_hal.c.obj
 .debug_abbrev  0x00000000000008cb      0x232 CMakeFiles/CANCoder.elf.dir/Drivers/STM32F1xx_HAL_Driver/Src/stm32f1xx_hal_can.c.obj
 .debug_abbrev  0x0000000000000afd      0x310 CMakeFiles/CANCoder.elf.dir/Drivers/STM32F1xx_HAL_Driver/Src/stm32f1xx_hal_cortex.c.obj
 .debug_abbrev  0x0000000000000e0d      0x1e5 CMakeFiles/CANCoder.elf.dir/Drivers/STM32F1xx_HAL_Driver/Src/stm32f1xx_hal_gpio.c.obj
 .debug_abbrev  0x0000000000000ff2      0x270 CMakeFiles/CANCoder.elf.dir/Drivers/STM32F1xx_HAL_Driver/Src/stm32f1xx_hal_rcc.c.obj
 .debug_abbrev  0x0000000000001262      0x26d CMakeFiles/CANCoder.elf.dir/Drivers/STM32F1xx_HAL_Driver/Src/stm32f1xx_hal_uart.c.obj
 .debug_abbrev  0x00000000000014cf       0x12 CMakeFiles/CANCoder.elf.dir/startup/startup_stm32f103xb.s.obj

.debug_aranges  0x0000000000000000      0x718
 .debug_aranges
                0x0000000000000000       0x58 CMakeFiles/CANCoder.elf.dir/Core/Src/main.c.obj
 .debug_aranges
                0x0000000000000058       0x40 CMakeFiles/CANCoder.elf.dir/Core/Src/stm32f1xx_hal_msp.c.obj
 .debug_aranges
                0x0000000000000098       0x60 CMakeFiles/CANCoder.elf.dir/Core/Src/stm32f1xx_it.c.obj
 .debug_aranges
                0x00000000000000f8       0x28 CMakeFiles/CANCoder.elf.dir/Core/Src/system_stm32f1xx.c.obj
 .debug_aranges
                0x0000000000000120       0xe0 CMakeFiles/CANCoder.elf.dir/Drivers/STM32F1xx_HAL_Driver/Src/stm32f1xx_hal.c.obj
 .debug_aranges
                0x0000000000000200      0x138 CMakeFiles/CANCoder.elf.dir/Drivers/STM32F1xx_HAL_Driver/Src/stm32f1xx_hal_can.c.obj
 .debug_aranges
                0x0000000000000338      0x100 CMakeFiles/CANCoder.elf.dir/Drivers/STM32F1xx_HAL_Driver/Src/stm32f1xx_hal_cortex.c.obj
 .debug_aranges
                0x0000000000000438       0x58 CMakeFiles/CANCoder.elf.dir/Drivers/STM32F1xx_HAL_Driver/Src/stm32f1xx_hal_gpio.c.obj
 .debug_aranges
                0x0000000000000490       0x90 CMakeFiles/CANCoder.elf.dir/Drivers/STM32F1xx_HAL_Driver/Src/stm32f1xx_hal_rcc.c.obj
 .debug_aranges
                0x0000000000000520      0x1d0 CMakeFiles/CANCoder.elf.dir/Drivers/STM32F1xx_HAL_Driver/Src/stm32f1xx_hal_uart.c.obj
 .debug_aranges
                0x00000000000006f0       0x28 CMakeFiles/CANCoder.elf.dir/startup/startup_stm32f103xb.s.obj

.debug_ranges   0x0000000000000000      0x670
 .debug_ranges  0x0000000000000000       0x48 CMakeFiles/CANCoder.elf.dir/Core/Src/main.c.obj
 .debug_ranges  0x0000000000000048       0x30 CMakeFiles/CANCoder.elf.dir/Core/Src/stm32f1xx_hal_msp.c.obj
 .debug_ranges  0x0000000000000078       0x50 CMakeFiles/CANCoder.elf.dir/Core/Src/stm32f1xx_it.c.obj
 .debug_ranges  0x00000000000000c8       0x18 CMakeFiles/CANCoder.elf.dir/Core/Src/system_stm32f1xx.c.obj
 .debug_ranges  0x00000000000000e0       0xd0 CMakeFiles/CANCoder.elf.dir/Drivers/STM32F1xx_HAL_Driver/Src/stm32f1xx_hal.c.obj
 .debug_ranges  0x00000000000001b0      0x128 CMakeFiles/CANCoder.elf.dir/Drivers/STM32F1xx_HAL_Driver/Src/stm32f1xx_hal_can.c.obj
 .debug_ranges  0x00000000000002d8       0xf0 CMakeFiles/CANCoder.elf.dir/Drivers/STM32F1xx_HAL_Driver/Src/stm32f1xx_hal_cortex.c.obj
 .debug_ranges  0x00000000000003c8       0x48 CMakeFiles/CANCoder.elf.dir/Drivers/STM32F1xx_HAL_Driver/Src/stm32f1xx_hal_gpio.c.obj
 .debug_ranges  0x0000000000000410       0x80 CMakeFiles/CANCoder.elf.dir/Drivers/STM32F1xx_HAL_Driver/Src/stm32f1xx_hal_rcc.c.obj
 .debug_ranges  0x0000000000000490      0x1c0 CMakeFiles/CANCoder.elf.dir/Drivers/STM32F1xx_HAL_Driver/Src/stm32f1xx_hal_uart.c.obj
 .debug_ranges  0x0000000000000650       0x20 CMakeFiles/CANCoder.elf.dir/startup/startup_stm32f103xb.s.obj

.debug_line     0x0000000000000000     0x484b
 .debug_line    0x0000000000000000      0x4f8 CMakeFiles/CANCoder.elf.dir/Core/Src/main.c.obj
 .debug_line    0x00000000000004f8      0x33d CMakeFiles/CANCoder.elf.dir/Core/Src/stm32f1xx_hal_msp.c.obj
 .debug_line    0x0000000000000835      0x2a9 CMakeFiles/CANCoder.elf.dir/Core/Src/stm32f1xx_it.c.obj
 .debug_line    0x0000000000000ade      0x2c4 CMakeFiles/CANCoder.elf.dir/Core/Src/system_stm32f1xx.c.obj
 .debug_line    0x0000000000000da2      0x4d6 CMakeFiles/CANCoder.elf.dir/Drivers/STM32F1xx_HAL_Driver/Src/stm32f1xx_hal.c.obj
 .debug_line    0x0000000000001278      0xcb2 CMakeFiles/CANCoder.elf.dir/Drivers/STM32F1xx_HAL_Driver/Src/stm32f1xx_hal_can.c.obj
 .debug_line    0x0000000000001f2a      0x6bc CMakeFiles/CANCoder.elf.dir/Drivers/STM32F1xx_HAL_Driver/Src/stm32f1xx_hal_cortex.c.obj
 .debug_line    0x00000000000025e6      0x58e CMakeFiles/CANCoder.elf.dir/Drivers/STM32F1xx_HAL_Driver/Src/stm32f1xx_hal_gpio.c.obj
 .debug_line    0x0000000000002b74      0x942 CMakeFiles/CANCoder.elf.dir/Drivers/STM32F1xx_HAL_Driver/Src/stm32f1xx_hal_rcc.c.obj
 .debug_line    0x00000000000034b6     0x12fe CMakeFiles/CANCoder.elf.dir/Drivers/STM32F1xx_HAL_Driver/Src/stm32f1xx_hal_uart.c.obj
 .debug_line    0x00000000000047b4       0x97 CMakeFiles/CANCoder.elf.dir/startup/startup_stm32f103xb.s.obj

.debug_str      0x0000000000000000     0x24e5
 .debug_str     0x0000000000000000      0xc34 CMakeFiles/CANCoder.elf.dir/Core/Src/main.c.obj
                                        0xd14 (size before relaxing)
 .debug_str     0x0000000000000c34       0xb0 CMakeFiles/CANCoder.elf.dir/Core/Src/stm32f1xx_hal_msp.c.obj
                                        0x9d6 (size before relaxing)
 .debug_str     0x0000000000000ce4       0xc5 CMakeFiles/CANCoder.elf.dir/Core/Src/stm32f1xx_it.c.obj
                                        0x345 (size before relaxing)
 .debug_str     0x0000000000000da9       0xc0 CMakeFiles/CANCoder.elf.dir/Core/Src/system_stm32f1xx.c.obj
                                        0x38f (size before relaxing)
 .debug_str     0x0000000000000e69      0x549 CMakeFiles/CANCoder.elf.dir/Drivers/STM32F1xx_HAL_Driver/Src/stm32f1xx_hal.c.obj
                                        0x863 (size before relaxing)
 .debug_str     0x00000000000013b2      0x496 CMakeFiles/CANCoder.elf.dir/Drivers/STM32F1xx_HAL_Driver/Src/stm32f1xx_hal_can.c.obj
                                        0xb3b (size before relaxing)
 .debug_str     0x0000000000001848      0x398 CMakeFiles/CANCoder.elf.dir/Drivers/STM32F1xx_HAL_Driver/Src/stm32f1xx_hal_cortex.c.obj
                                        0x9ca (size before relaxing)
 .debug_str     0x0000000000001be0      0x156 CMakeFiles/CANCoder.elf.dir/Drivers/STM32F1xx_HAL_Driver/Src/stm32f1xx_hal_gpio.c.obj
                                        0x51b (size before relaxing)
 .debug_str     0x0000000000001d36      0x225 CMakeFiles/CANCoder.elf.dir/Drivers/STM32F1xx_HAL_Driver/Src/stm32f1xx_hal_rcc.c.obj
                                        0x6d6 (size before relaxing)
 .debug_str     0x0000000000001f5b      0x541 CMakeFiles/CANCoder.elf.dir/Drivers/STM32F1xx_HAL_Driver/Src/stm32f1xx_hal_uart.c.obj
                                        0xc1d (size before relaxing)
 .debug_str     0x000000000000249c       0x49 CMakeFiles/CANCoder.elf.dir/startup/startup_stm32f103xb.s.obj
                                         0x78 (size before relaxing)

.comment        0x0000000000000000       0x79
 .comment       0x0000000000000000       0x79 CMakeFiles/CANCoder.elf.dir/Core/Src/main.c.obj
                                         0x7a (size before relaxing)
 .comment       0x0000000000000079       0x7a CMakeFiles/CANCoder.elf.dir/Core/Src/stm32f1xx_hal_msp.c.obj
 .comment       0x0000000000000079       0x7a CMakeFiles/CANCoder.elf.dir/Core/Src/stm32f1xx_it.c.obj
 .comment       0x0000000000000079       0x7a CMakeFiles/CANCoder.elf.dir/Core/Src/system_stm32f1xx.c.obj
 .comment       0x0000000000000079       0x7a CMakeFiles/CANCoder.elf.dir/Drivers/STM32F1xx_HAL_Driver/Src/stm32f1xx_hal.c.obj
 .comment       0x0000000000000079       0x7a CMakeFiles/CANCoder.elf.dir/Drivers/STM32F1xx_HAL_Driver/Src/stm32f1xx_hal_can.c.obj
 .comment       0x0000000000000079       0x7a CMakeFiles/CANCoder.elf.dir/Drivers/STM32F1xx_HAL_Driver/Src/stm32f1xx_hal_cortex.c.obj
 .comment       0x0000000000000079       0x7a CMakeFiles/CANCoder.elf.dir/Drivers/STM32F1xx_HAL_Driver/Src/stm32f1xx_hal_gpio.c.obj
 .comment       0x0000000000000079       0x7a CMakeFiles/CANCoder.elf.dir/Drivers/STM32F1xx_HAL_Driver/Src/stm32f1xx_hal_rcc.c.obj
 .comment       0x0000000000000079       0x7a CMakeFiles/CANCoder.elf.dir/Drivers/STM32F1xx_HAL_Driver/Src/stm32f1xx_hal_uart.c.obj

.debug_frame    0x0000000000000000     0x1c28
 .debug_frame   0x0000000000000000      0x118 CMakeFiles/CANCoder.elf.dir/Core/Src/main.c.obj
 .debug_frame   0x0000000000000118       0xc8 CMakeFiles/CANCoder.elf.dir/Core/Src/stm32f1xx_hal_msp.c.obj
 .debug_frame   0x00000000000001e0      0x10c CMakeFiles/CANCoder.elf.dir/Core/Src/stm32f1xx_it.c.obj
 .debug_frame   0x00000000000002ec       0x58 CMakeFiles/CANCoder.elf.dir/Core/Src/system_stm32f1xx.c.obj
 .debug_frame   0x0000000000000344      0x334 CMakeFiles/CANCoder.elf.dir/Drivers/STM32F1xx_HAL_Driver/Src/stm32f1xx_hal.c.obj
 .debug_frame   0x0000000000000678      0x5a0 CMakeFiles/CANCoder.elf.dir/Drivers/STM32F1xx_HAL_Driver/Src/stm32f1xx_hal_can.c.obj
 .debug_frame   0x0000000000000c18      0x428 CMakeFiles/CANCoder.elf.dir/Drivers/STM32F1xx_HAL_Driver/Src/stm32f1xx_hal_cortex.c.obj
 .debug_frame   0x0000000000001040      0x14c CMakeFiles/CANCoder.elf.dir/Drivers/STM32F1xx_HAL_Driver/Src/stm32f1xx_hal_gpio.c.obj
 .debug_frame   0x000000000000118c      0x21c CMakeFiles/CANCoder.elf.dir/Drivers/STM32F1xx_HAL_Driver/Src/stm32f1xx_hal_rcc.c.obj
 .debug_frame   0x00000000000013a8      0x834 CMakeFiles/CANCoder.elf.dir/Drivers/STM32F1xx_HAL_Driver/Src/stm32f1xx_hal_uart.c.obj
 .debug_frame   0x0000000000001bdc       0x2c /Users/bscholar/gcc-arm-none-eabi/bin/../lib/gcc/arm-none-eabi/9.2.1/../../../../arm-none-eabi/lib/thumb/v7-m/nofp/libg_nano.a(lib_a-init.o)
 .debug_frame   0x0000000000001c08       0x20 /Users/bscholar/gcc-arm-none-eabi/bin/../lib/gcc/arm-none-eabi/9.2.1/../../../../arm-none-eabi/lib/thumb/v7-m/nofp/libg_nano.a(lib_a-memset.o)
